
Memory Configuration

Name             Origin             Length             Attributes
ram              0x80000000         0x00500000         xrw
*default*        0x00000000         0xffffffff

Linker script and memory map

                0x00000000                __DYNAMIC=0x0
                0x00400000                PROVIDE (__stack, 0x400000)
                0x00000000                PROVIDE (hardware_init_hook, 0x0)
                0x00000000                PROVIDE (_hardware_init_hook, 0x0)
                0x00000000                PROVIDE (software_init_hook, 0x0)
                0x00000000                PROVIDE (_software_init_hook, 0x0)

.text           0x80000000     0x7ca0
 *(.text)
 .text          0x80000000     0x13ae S2_RBI_Dynamic_Presets_Helper_170_Zones_v8.o
                0x80000af4                S2_RBI_Dynamic_Presets_Helper_170_Zones_v8EventHandler00000
                0x8000115a                S2_RBI_Dynamic_Presets_Helper_170_Zones_v8_main
                0x8000107a                S2_RBI_Dynamic_Presets_Helper_170_Zones_v8_EventHandler
                0x8000133c                S2_RBI_Dynamic_Presets_Helper_170_Zones_v8EventHandler00001
 *fill*         0x800013ae        0x2
 .text          0x800013b0     0x5836 library.o
                0x8000559c                RotateRightLong
                0x80005baa                IsSystem
                0x80005500                Seed
                0x80002df8                Remove
                0x8000517c                Ltoa
                0x80004ea8                Atoi
                0x80004210                InitRampInfoArray
                0x80005956                Right
                0x80006986                LockInputSema
                0x8000542a                Mod
                0x80005612                Getc
                0x8000535e                SMuldiv
                0x80005b8c                IsHidden
                0x80005242                Min
                0x8000679a                hextosi
                0x80005d30                WriteIntegerArray
                0x800062a6                GetSignedIntArrayElementPtr
                0x80004bca                CheckStructArray
                0x800067ae                hextosl
                0x80005eb6                WriteSignedIntegerArray
                0x80004892                InitStringParamArray
                0x80003b64                ReadSignedLongIntegerArray
                0x80002a86                GatherToDelimiter
                0x800046b6                InitStringArray
                0x8000521c                Max
                0x80005be6                IsReadOnly
                0x80005326                SMax
                0x80002c2a                GatherByLength
                0x800050b6                Chr
                0x80005d08                ReadSignedLongInteger
                0x80005134                Itohex
                0x80004b3c                GetStructArrayElement
                0x80004e30                UNS_SetByte
                0x8000592a                ReverseFindi
                0x8000400c                ReadStringArray
                0x800060b6                GetIntArrayElementPtr
                0x80005766                Lower
                0x8000551c                RotateLeft
                0x800068ce                ResizeIfAutogrow
                0x8000433c                CheckInputArray
                0x8000191e                ResizeStringArray
                0x80005048                Atosl
                0x80004e70                High
                0x800054cc                Rnd
                0x800053ee                UMod
                0x80005572                RotateLeftLong
                0x800069fa                FindNumericChar
                0x800064fe                CheckIOArrayBounds2
                0x80005b44                MakeProgramFilename
                0x80005342                SMin
                0x8000569a                Left
                0x800055dc                CheckBufferThreshold
                0x80005cc0                ReadSignedInteger
                0x80004e9a                LowWord
                0x800013b0                Bit
                0x80005c70                ReadLongInteger
                0x80004cae                Byte
                0x800061ae                GetLongArrayElementPtr
                0x800058fc                ReverseFind
                0x80005b5a                GetSeries
                0x80006ac6                InitTcpServer
                0x8000574e                Len
                0x800065ce                InitializeRampInfoInternal
                0x80005268                Divide
                0x80004fb4                Atol
                0x80005b50                GetModelNumber
                0x80006496                CheckIOArrayBounds
                0x80004396                CheckStringInputArray
                0x80005f78                WriteSignedLongIntegerArray
                0x80004a86                GetStringArrayElement
                0x800051c0                Ltohex
                0x800050ec                Itoa
                0x80005546                RotateRight
                0x800030e6                InternalReverseFind
                0x80005c50                WriteLongInteger
                0x800045ba                InitDynamicStringStruct
                0x800044ac                SetStringArray
                0x80003942                ReadSignedIntegerArray
                0x800043f0                SetOutputArray
                0x80005c00                WriteInteger
                0x80004a1a                InitStructDynamicArray
                0x80003370                SetString
                0x80005466                Random
                0x80005c98                WriteSignedInteger
                0x80001614                Find
                0x80005b64                GetProgramNumber
                0x8000583a                Mid
                0x80006a38                InitTcpClient
                0x80002502                ResizeStructArray
                0x8000639e                GetSignedLongArrayElementPtr
                0x800067c0                hextol
                0x80003d86                ReadString
                0x8000474c                InitDynamicStringArray
                0x800068a6                UpperChar
                0x80004f44                Atosi
                0x80005c28                ReadInteger
                0x800052da                Muldiv
                0x8000445e                SetStringOutputArray
                0x8000603c                WriteString
                0x80001f76                ResizeIntegerArray
                0x80004304                InitInOutArray
                0x8000495a                InitNvramStringArray
                0x80005204                Abs
                0x800053aa                SDivide
                0x80003500                ReadIntegerArray
                0x800014c0                CompareStrings
                0x8000687e                LowerChar
                0x80006b56                InitUdpSocket
                0x800055c4                ClearBuffer
                0x80005a12                Upper
                0x800049f6                InitStructArray
                0x80005ae8                MakeLower
                0x80005bc8                IsVolume
                0x80002f52                RemoveByLength
                0x80004c46                CheckStringOutputArrayIndex
                0x80005df2                WriteLongIntegerArray
                0x8000667a                InitRampInfoStructArray
                0x80004e8c                HighWord
                0x80001788                ResizeString
                0x80005b6e                IsDirectory
                0x80003720                ReadLongIntegerArray
                0x80004e7e                Low
                0x8000292c                Gather
                0x80005b16                MakeUpper
                0x8000457c                InitStringStruct
                0x80006566                CheckStringArrayBounds
                0x800052ac                CheckDenominator
                0x80006782                hextoi
                0x80003ea4                WriteStringArray
                0x80004d6e                SetByte
                0x80006624                InitializeRampInfo
                0x800069c0                UnLockInputSema
                0x80005ce8                WriteSignedLongInteger
                0x8000466e                InitNvramStringStruct
 *fill*         0x80006be6        0xa
                0x80006bf0                .=ALIGN(0x10)
 *(.eh_frame)
                0x80006bf0                .=ALIGN(0x10)
 *(.gnu.linkonce.t.*)
                0x80006bf0                .=ALIGN(0x4)
                0x80006bf0                __CTOR_LIST__=.
                0x80006bf0                ___CTOR_LIST__=.
                0x80006bf0        0x4 LONG 0x0 (((__CTOR_END__-__CTOR_LIST__)/0x4)-0x2)
 *(.ctors)
                0x80006bf4        0x4 LONG 0x0
                0x80006bf8                __CTOR_END__=.
                0x80006bf8                __DTOR_LIST__=.
                0x80006bf8                ___DTOR_LIST__=.
                0x80006bf8        0x4 LONG 0x0 (((__DTOR_END__-__DTOR_LIST__)/0x4)-0x2)
 *(.dtors)
                0x80006bfc        0x4 LONG 0x0
                0x80006c00                __DTOR_END__=.
 *(.rodata)
 .rodata        0x80006c00      0x430 S2_RBI_Dynamic_Presets_Helper_170_Zones_v8.o
 .rodata        0x80007030      0xc54 library.o
 *(.gcc_except_table)
                0x80007c84                .=ALIGN(0x2)
                0x80007c84                __INIT_SECTION__=.
                0x80007c84        0x4 LONG 0x4e560000
 *(.init)
                0x80007c88        0x2 SHORT 0x4e5e
                0x80007c8a        0x2 SHORT 0x4e75
                0x80007c8c                __FINI_SECTION__=.
                0x80007c8c        0x4 LONG 0x4e560000
 *(.fini)
                0x80007c90        0x2 SHORT 0x4e5e
                0x80007c92        0x2 SHORT 0x4e75
 *(.lit)
 *fill*         0x80007c94        0xc
                0x80007ca0                .=ALIGN(0x10)
                0x80007ca0                _etext=.
                0x80007ca0                etext=.

.data           0x80007ca0        0x0
                0x80007ca0                copy_start=.
 *(.shdata)
 *(.data)
 *(.gnu.linkonce.d.*)
                0x80007ca0                .=ALIGN(0x10)
                0x80007ca0                _edata=.
                0x80007ca0                copy_end=.

.got
 *(.got.plt)
 *(.got)

EntryList       0x80007ca0      0x110
 *(EntryList)
 EntryList      0x80007ca0      0x110 S2_RBI_Dynamic_Presets_Helper_170_Zones_v8.o
                0x80007ca0                S2_RBI_Dynamic_Presets_Helper_170_Zones_v8_Entry
                0x80007db0                .=ALIGN(0x4)

FunctionList    0x80007db0        0x4
 *(FunctionList)
 FunctionList   0x80007db0        0x4 globals.o
                0x80007db0                g_pFunctions
                0x80007db4                .=ALIGN(0x4)

.bss            0x80007db4        0x0
                0x80007db4                .=ALIGN(0x4)
                0x80007db4                __bss_start=.
 *(.shbss)
 *(.bss)
 *(COMMON)
                0x80007db8                _end=ALIGN(0x8)
                0x80007db8                __end=_end

.stab
 *(.stab)

.stabstr
 *(.stabstr)

.debug
 *(.debug)

.line
 *(.line)

.debug_srcinfo
 *(.debug_srcinfo)

.debug_sfnames
 *(.debug_sfnames)

.debug_aranges
 *(.debug_aranges)

.debug_pubnames
 *(.debug_pubnames)

.debug_info
 *(.debug_info)

.debug_abbrev
 *(.debug_abbrev)

.debug_line
 *(.debug_line)

.debug_frame
 *(.debug_frame)

.debug_str
 *(.debug_str)

.debug_loc
 *(.debug_loc)

.debug_macinfo
 *(.debug_macinfo)

.debug_weaknames
 *(.debug_weaknames)

.debug_funcnames
 *(.debug_funcnames)

.debug_typenames
 *(.debug_typenames)

.debug_varnames
 *(.debug_varnames)
LOAD S2_RBI_Dynamic_Presets_Helper_170_Zones_v8.o
LOAD globals.o
LOAD library.o
OUTPUT(S2_RBI_Dynamic_Presets_Helper_170_Zones_v8.elf elf32-m68k)

.comment        0x80007db4       0x72
 .comment       0x80007db4       0x26 S2_RBI_Dynamic_Presets_Helper_170_Zones_v8.o
 .comment       0x80007dda       0x26 globals.o
 .comment       0x80007e00       0x26 library.o
