C:\CN2\SMPL.EXE                               
C:\CURRENT\L1479\SMPL1\SYSTEM.DEV             
C:\CURRENT\L1479\SMPL1\BARCO.DEV              
C:\CURRENT\L1479\SMPL6\L1479-6B.BIN           
C:\CURRENT\L1479\SMPL6\L1479-6B.SIG           
C:\CURRENT\L1479\SMPL6\L1479-6B.SMP           
C:\CURRENT\L1479\SMPL6\L1479-6B.CN2           
C:\CURRENT\L1479\SMPL6\L1479-6B.BK2           
C:\CURRENT\L1479\SMPL6\L1479-6B.LOG           
C:\CN2\MACRO\PASSME.IMC                       
C:\CN2\MACRO\SBF.IMC                          
C:\CN2\MACRO\TIMEFADE.IMC                     
C:\CN2\MACRO\OOSB.IMC                         
C:\CN2\MACRO\NEWLITE3.IMC                     
C:\CN2\MACRO\SBF.IMC                          
C:\CN2\MACRO\TIMEFADE.IMC                     
C:\CN2\MACRO\OOSB.IMC                         
C:\CN2\MACRO\NEWLITE6.IMC                     
C:\CN2\MACRO\SBF.IMC                          
C:\CN2\MACRO\TIMEFADE.IMC                     
C:\CN2\MACRO\OOSB.IMC                         
C:\CN2\MACRO\NEWLITE3.IMC                     
C:\CN2\MACRO\CNESR.IMC                        
