C:\CN2\SMPL.EXE                               
C:\CN2\IR\SYSTEM.DEV                          
C:\CN2\IR\BARCO.DEV                           
C:\CURRENT\L1479\SMPL4\L1479-4C.BIN           
C:\CURRENT\L1479\SMPL4\L1479-4C.SIG           
C:\CURRENT\L1479\SMPL4\L1479-4C.SMP           
C:\CURRENT\L1479\SMPL4\L1479-4C.CN2           
C:\CURRENT\L1479\SMPL4\L1479-4C.BK2           
C:\CURRENT\L1479\SMPL4\L1479-4C.LOG           
C:\CN2\MACRO\PASSME.IMC                       
C:\CN2\MACRO\TIMEFADE.IMC                     
C:\CN2\MACRO\OOSB.IMC                         
C:\CN2\MACRO\NEWLITE3.IMC                     
C:\CN2\MACRO\TIMEFADE.IMC                     
C:\CN2\MACRO\OOSB.IMC                         
C:\CN2\MACRO\NEWLITE6.IMC                     
C:\CN2\MACRO\TIMEFADE.IMC                     
C:\CN2\MACRO\OOSB.IMC                         
C:\CN2\MACRO\NEWLITE3.IMC                     
C:\CN2\MACRO\TIMEFADE.IMC                     
C:\CN2\MACRO\OOSB.IMC                         
C:\CN2\MACRO\NEWLITE6.IMC                     
C:\CN2\MACRO\TIMEFADE.IMC                     
C:\CN2\MACRO\OOSB.IMC                         
C:\CN2\MACRO\NEWLITE6.IMC                     
C:\CN2\MACRO\TIMEFADE.IMC                     
C:\CN2\MACRO\OOSB.IMC                         
C:\CN2\MACRO\NEWLITE6.IMC                     
C:\CN2\MACRO\TIMEFADE.IMC                     
C:\CN2\MACRO\OOSB.IMC                         
C:\CN2\MACRO\NEWLITE6.IMC                     
C:\CN2\MACRO\CNESR.IMC                        
