C:\CN2\SMPL.EXE                               
C:\CURRENT\L1479\SMPL1\SYSTEM.DEV             
C:\CURRENT\L1479\SMPL1\BARCO.DEV              
C:\CURRENT\L1479\SMPL4\L1479-4B.BIN           
C:\CURRENT\L1479\SMPL4\L1479-4B.SIG           
C:\CURRENT\L1479\SMPL4\L1479-4B.SMP           
C:\CURRENT\L1479\SMPL4\L1479-4B.CN2           
C:\CURRENT\L1479\SMPL4\L1479-4B.BK2           
C:\CURRENT\L1479\SMPL4\L1479-4B.LOG           
C:\CURRENT\L1479\SMPL1\PASSME.IMC             
C:\CURRENT\L1479\SMPL1\TIMEFADE.IMC           
C:\CURRENT\L1479\SMPL1\OOSB.IMC               
C:\CURRENT\L1479\SMPL1\NEWLITE3.IMC           
C:\CURRENT\L1479\SMPL1\TIMEFADE.IMC           
C:\CURRENT\L1479\SMPL1\OOSB.IMC               
C:\CURRENT\L1479\SMPL1\NEWLITE6.IMC           
C:\CURRENT\L1479\SMPL1\TIMEFADE.IMC           
C:\CURRENT\L1479\SMPL1\OOSB.IMC               
C:\CURRENT\L1479\SMPL1\NEWLITE3.IMC           
C:\CURRENT\L1479\SMPL1\TIMEFADE.IMC           
C:\CURRENT\L1479\SMPL1\OOSB.IMC               
C:\CURRENT\L1479\SMPL1\NEWLITE6.IMC           
C:\CURRENT\L1479\SMPL1\TIMEFADE.IMC           
C:\CURRENT\L1479\SMPL1\OOSB.IMC               
C:\CURRENT\L1479\SMPL1\NEWLITE6.IMC           
C:\CURRENT\L1479\SMPL1\TIMEFADE.IMC           
C:\CURRENT\L1479\SMPL1\OOSB.IMC               
C:\CURRENT\L1479\SMPL1\NEWLITE6.IMC           
C:\CURRENT\L1479\SMPL1\TIMEFADE.IMC           
C:\CURRENT\L1479\SMPL1\OOSB.IMC               
C:\CURRENT\L1479\SMPL1\NEWLITE6.IMC           
C:\CURRENT\L1479\SMPL1\CNESR.IMC              
